> Task :verifyUrl
Successfully resolved URL 'https://www.google.com/'

BUILD SUCCESSFUL in 0s
1 actionable task: 1 executed
