> Task :md5
Generating MD5 for einstein.txt...
Generating MD5 for feynman.txt...
Generating MD5 for oppenheimer.txt...

BUILD SUCCESSFUL in 0s
1 actionable task: 1 executed
